#week5 24.11.2019 Note

>>> t = 1, 2, 3, 4, 5, 6, 7, 8, 9, 10
>>> t[:]
(1, 2, 3, 4, 5, 6, 7, 8, 9, 10)
>>> t[7:4]
()
>>> del t
>>> t = 1, (2, 3, 4, 5, 6, 7, 8, 9, 10)
>>> u = t, (1, 2, 3, 4, 5, 6, 7, 8, 9, 10)
>>> u
((1, (2, 3, 4, 5, 6, 7, 8, 9, 10)), (1, 2, 3, 4, 5, 6, 7, 8, 9, 10))
>>> u[0]
(1, (2, 3, 4, 5, 6, 7, 8, 9, 10))
>>> u[0] = 3, 4, 5, 6, 7, 8
Traceback (most recent call last):
  File "<stdin>", line 1, in <module>
TypeError: 'tuple' object does not support item assignment


>>> v = ([1, 2, 3], [3, 2, 1])
>>> x = ([5, 6, 7], [8, 5, 9])
>>> z = v + x
>>> z
([1, 2, 3], [3, 2, 1], [5, 6, 7], [8, 5, 9])
>>> z[0]
[1, 2, 3]


len -> length

= ,
= ()
= [()]
= []
= {}


>>> basket = {'apple', 'orange', 'apple', 'pear', 'orange', 'banana'}
>>> basket = {'banana', 'apple', 'cucumber', 'pineapple', 'orange', 'grape', 'apple', 'banana'}
>>> print(basket)
set(['grape', 'apple', 'cucumber', 'pineapple', 'orange', 'banana'])
>>> print(basket)
set(['grape', 'apple', 'cucumber', 'pineapple', 'orange', 'banana'])
>>> 'orange' in basket
True
>>> 'grass' in basket
False





